[backblue.gif]
[fade.gif]
[index.html]
[framerusercontent.com/images/UM32BpS8MfW7mRfgfKyh2bjlMg.png]
[framerusercontent.com/images/UW53zG4VNxYUErGapAe4Oxb48Yc.png]
[framerusercontent.com/images/RpOADVgolr8dTmv32N2jLq59nQ.png]
[framerusercontent.com/images/O1fGz89mLUPeVievUQ1Sssoh41E.png]
[framerusercontent.com/images/VmFicdOOPibINOBxLqEzW3pU14.png]
[framerusercontent.com/images/EMbwvZSm2AnaAqoulqdEK7y7EKg.png]
[framerusercontent.com/images/TLc22CVq3h0Xwq3OxaSKE6Mw20.png]
[framerusercontent.com/images/ezrpgboQoc2mKawvdVdDN99zvM.png]
[framerusercontent.com/images/FryhxX1RZUlnQpm3tS70MTBec.png]
[framerusercontent.com/images/LpJv6XPTANmNWJ2qT6yWCmcuZ8Q.png]
[framerusercontent.com/images/cZKrKUbzZzFD09f3r2BC62Xw.png]
[framerusercontent.com/images/S7HclrRewrEHKcfnacuk0cTlRjs.png]
[framerusercontent.com/images/dpWLFqrW8i5SgJMVavtb988QuZI.png]
[framerusercontent.com/images/9T7M059YtlBAJngdfQWz0DGk05I.png]
[framerusercontent.com/images/PRzFemjV6M9Eg1XhMtQNQYXo.png]
[framerusercontent.com/images/koV7ic7kUCXICgFSJKzdKBKyoE.png]
[framerusercontent.com/images/kunElANY3zbpZiI2myjoXB2RI.png]
[framerusercontent.com/images/2CbyRShoNruFXYQbBaM5sKry8Y.png]
[framerusercontent.com/images/EPcKJPyTIDQ70CwgTZMdf7TSDvA.png]
[framerusercontent.com/images/iXeCXBsIGkx0aU3UbTTctSscU.png]
[framerusercontent.com/images/JvcfliUFMHbNn1hduvSP8tuWisE.png]
[framerusercontent.com/images/afDHpxLKjES0hQ5KYFnN7xz2JqU.png]
[framerusercontent.com/images/N85jF6BWKryikSqQ1iJp4zTzJA.png]
[framerusercontent.com/images/5bA7lW0VkDbSWjGSQAyNaLOtUo.png]
[framerusercontent.com/images/hsXVXA18lGJFTzBWITBGGzUS10w.png]
[ahmadsolaria.framer.ai/index.html]
[framerusercontent.com/images/m63o1nZMfAVMwEl5hEQebrklQk.png]
[ahmadsolaria.framer.ai/projects.html]
[framerusercontent.com/images/9lvWkGWHonsQxOZuUnXukNDPET4.png]
[framerusercontent.com/images/iwqZcCN3PduGlSN3VBLYRlzoo.png]
[framerusercontent.com/images/frXLYyBiViOA0fJnBc61PDw.png]
[framerusercontent.com/images/3BBznKvvUZgPKBPDKefrVPAIfRo.png]
[framerusercontent.com/images/HWsR3DtdYbo1HpTdFMFHbX4pA.png]
[framerusercontent.com/images/Zgqe5wvrErZkxs5zwR0qJlJ4cg.png]
[framerusercontent.com/images/kx1XC40wf74C5ZQQgDJIPcZ80Wc.png]
[framerusercontent.com/images/TbFqU1ujHQ0Qs61N4SJfK0KtvyA.png]
[framerusercontent.com/images/qqilRvGfCqdhNv39QE5m5Q3m3ps.png]
[framerusercontent.com/images/VTYZuNt5r6QI6rpv115srjeXJ8A.png]
[framerusercontent.com/images/ti8hPtqOJqg5qJhRTGu51GMSC4.png]
[framerusercontent.com/images/pCo5EoHziiwRxUUnvMq8YpA0wFk.png]
[framerusercontent.com/images/Zo5dwepUwm9AFvyxx1e0cYalsw.png]
[framerusercontent.com/images/oYmsEZVYOAyFCKJf8SsJxeHlA.png]
[framerusercontent.com/images/idu9zZ1Gqz73mD05bn8wal16U.png]
[framerusercontent.com/images/3GsMvXOH2iR4bi6MWKlL1cZ30Yw.png]
[framerusercontent.com/images/jdPyzMdEyxBt515FkFI7ta8pSkI.png]
[framerusercontent.com/images/rFNuF2ls7bCQMsZotawFI73L8.png]
[framerusercontent.com/images/BR9foQ1zD1QM540c55yiYgBE5Ic.png]
[framerusercontent.com/images/0QJDW3uuyahSk2p0QvVYLe33pQ4.png]
[framerusercontent.com/images/vUB99Mjw5pPGFSqIqIvdliZVzI.png]
[framerusercontent.com/images/1OqQdCquLm5PC7fAOrCQWDD5k0.png]
[framerusercontent.com/images/EgZIsEpMSrupZl6BHPcy2zn84k.png]
[ahmadsolaria.framer.ai/services.html]
[framerusercontent.com/images/e2atv3WUyO3tCe4ORjz0VNzYC9c.png]
[ahmadsolaria.framer.ai/thoughts.html]
[ahmadsolaria.framer.ai/explorations.html]
[framerusercontent.com/images/APHjIuXLFudiwIRTBuDo7zuQxLU.png]
[framerusercontent.com/images/IXVMij2SZZ4psrR2ITvrWrCt5ko.png]
[framerusercontent.com/images/D0l0N70EpWHl4QiLsnT63JHS4.png]
[framerusercontent.com/images/Mmtapw307dJ6JOJUPj3OqHTHNks.png]
[framerusercontent.com/images/bzQ31z42ymyXw9c3Wy57NC83is.png]
[framerusercontent.com/images/Nf8M0XCrsxnZ3kyKid4zRsNlXqY.png]
[ahmadsolaria.framer.ai/archive.html]
[framerusercontent.com/images/Wtp0ZEJzNewQ4Psfz6TRmiw5eg.png]
[framerusercontent.com/images/m7BhprMxGHcraN7h9pH9qFEtw.png]
[framerusercontent.com/images/mLoI9VkXlFAcyAznMh8JADVIg.png]
[framerusercontent.com/images/gC5WGZJSZIuGkyiohuVhNjDvXI.png]
[framerusercontent.com/images/NNbxIcnYiQ4ODpVRn477q7sVg.png]
[framerusercontent.com/images/toHpRUYSpFUMaCL7JC87LNgAdI.png]
[framerusercontent.com/images/zuM8FY4MACa227RjHyTiTzGhST4.png]
[framerusercontent.com/images/HaG3CAibDv4TYbgpdpcZmNjcg2I.png]
[framerusercontent.com/images/9GMzHXIE7cIEppnKhbpHFeYc0.png]
[framerusercontent.com/images/7HRvkMLsoN9h6dva5TCZBw4o1M.png]
[framerusercontent.com/images/CNExp2NtKt6FDnLNTsljrbPAFs.png]
[framerusercontent.com/images/ywBB2BqEaPw4ERMP0KRp54lfJ4g.png]
[framerusercontent.com/images/1t4BsWhEYkKV8y4QxHJC52XA.png]
[framerusercontent.com/images/bvlnbUG8WdsFNPS0HpLcLfRSOBc.png]
[framerusercontent.com/images/gstc1nbUEl3WkeDeTcgzwDjFOas.png]
[framerusercontent.com/images/Jf5GV9aL6wulEDLHR8bQ1SWkW8.png]
[framerusercontent.com/images/frbkC97RWVojpdOHguS7XrURa8.png]
[framerusercontent.com/images/pGREptTiiS8dGcvZgpfpx97OPw.png]
[ahmadsolaria.framer.ai/about.html]
[ahmadsolaria.framer.ai/KgAFPewo6usU5CAb4hqRKqUUiM.html]
[ahmadsolaria.framer.ai/rw15btf5Ve8oYRRAHtgUlOPjKwU.html]
[ahmadsolaria.framer.ai/QRf3T5t6cuzIyvmfncCZQdSQ9I.html]
[ahmadsolaria.framer.ai/F8owk0sZXWggMOcNWSW7peBp8.html]
[ahmadsolaria.framer.ai/TnWQszDvQjNPKgZZw9A7s8XWqJY.html]
[ahmadsolaria.framer.ai/XyP7jZaAiF67794ksnJ7j0V9lE.html]
[ahmadsolaria.framer.ai/Z3hm8DFFWOd7BEVpGmwRayXgg.html]
[ahmadsolaria.framer.ai/VrybcqXP8jN8XEa9FNnbhYZKU.html]
[ahmadsolaria.framer.ai/hJwyl1f8Sn4qxNvSpuDiKJwfhxo.html]
[ahmadsolaria.framer.ai/0JFGSmiLfItGxy5DHntqEZp5Q.html]
[ahmadsolaria.framer.ai/s3UT0L4cHMB4OtGte7lW7lfsI.html]
