[ahmadsolaria.framer.media/index.html]
[backblue.gif]
[fade.gif]
[index.html]
[framerusercontent.com/images/RpOADVgolr8dTmv32N2jLq59nQ.png]
[ahmadsolaria.framer.media/projects.html]
[ahmadsolaria.framer.media/services.html]
[ahmadsolaria.framer.media/thoughts.html]
[ahmadsolaria.framer.media/explorations.html]
[ahmadsolaria.framer.media/archive.html]
[framerusercontent.com/images/VmFicdOOPibINOBxLqEzW3pU14.png]
[ahmadsolaria.framer.media/about.html]
[framerusercontent.com/images/3xNxvRZvQd1AYkSysqC5CJqYSE.png]
[framerusercontent.com/images/FryhxX1RZUlnQpm3tS70MTBec.png]
[framerusercontent.com/images/PRzFemjV6M9Eg1XhMtQNQYXo.png]
[framerusercontent.com/images/koV7ic7kUCXICgFSJKzdKBKyoE.png]
[framerusercontent.com/images/kunElANY3zbpZiI2myjoXB2RI.png]
[framerusercontent.com/images/2CbyRShoNruFXYQbBaM5sKry8Y.png]
[framerusercontent.com/images/EPcKJPyTIDQ70CwgTZMdf7TSDvA.png]
[framerusercontent.com/images/iXeCXBsIGkx0aU3UbTTctSscU.png]
[framerusercontent.com/images/JvcfliUFMHbNn1hduvSP8tuWisE.png]
[framerusercontent.com/images/afDHpxLKjES0hQ5KYFnN7xz2JqU.png]
[framerusercontent.com/images/N85jF6BWKryikSqQ1iJp4zTzJA.png]
[framerusercontent.com/images/5bA7lW0VkDbSWjGSQAyNaLOtUo.png]
[framerusercontent.com/images/hsXVXA18lGJFTzBWITBGGzUS10w.png]
[ahmadsolaria.framer.media/index.html]
[framerusercontent.com/images/m63o1nZMfAVMwEl5hEQebrklQk.png]
[ahmadsolaria.framer.media/projects.html]
[framerusercontent.com/images/9lvWkGWHonsQxOZuUnXukNDPET4.png]
[framerusercontent.com/images/iwqZcCN3PduGlSN3VBLYRlzoo.png]
[framerusercontent.com/images/frXLYyBiViOA0fJnBc61PDw.png]
[framerusercontent.com/images/3BBznKvvUZgPKBPDKefrVPAIfRo.png]
[framerusercontent.com/images/HWsR3DtdYbo1HpTdFMFHbX4pA.png]
[framerusercontent.com/images/Zgqe5wvrErZkxs5zwR0qJlJ4cg.png]
[framerusercontent.com/images/kx1XC40wf74C5ZQQgDJIPcZ80Wc.png]
[framerusercontent.com/images/TbFqU1ujHQ0Qs61N4SJfK0KtvyA.png]
[framerusercontent.com/images/qqilRvGfCqdhNv39QE5m5Q3m3ps.png]
[framerusercontent.com/images/VTYZuNt5r6QI6rpv115srjeXJ8A.png]
[framerusercontent.com/images/ti8hPtqOJqg5qJhRTGu51GMSC4.png]
[framerusercontent.com/images/pCo5EoHziiwRxUUnvMq8YpA0wFk.png]
[framerusercontent.com/images/Zo5dwepUwm9AFvyxx1e0cYalsw.png]
[framerusercontent.com/images/oYmsEZVYOAyFCKJf8SsJxeHlA.png]
[framerusercontent.com/images/idu9zZ1Gqz73mD05bn8wal16U.png]
[framerusercontent.com/images/3GsMvXOH2iR4bi6MWKlL1cZ30Yw.png]
[framerusercontent.com/images/jdPyzMdEyxBt515FkFI7ta8pSkI.png]
[framerusercontent.com/images/rFNuF2ls7bCQMsZotawFI73L8.png]
[framerusercontent.com/images/BR9foQ1zD1QM540c55yiYgBE5Ic.png]
[framerusercontent.com/images/0QJDW3uuyahSk2p0QvVYLe33pQ4.png]
[framerusercontent.com/images/vUB99Mjw5pPGFSqIqIvdliZVzI.png]
[framerusercontent.com/images/1OqQdCquLm5PC7fAOrCQWDD5k0.png]
[framerusercontent.com/images/a5O0AOoPUghlN59XGPwPurVMivU9ae5.png]
[framerusercontent.com/images/KsdyD7YX59j19q8P7c39PIp5MYgbf23.png]
[ahmadsolaria.framer.media/services.html]
[ahmadsolaria.framer.media/KgAFPewo6usU5CAb4hqRKqUUiM.2e.delayed]
[ahmadsolaria.framer.media/rw15btf5Ve8oYRRAHtgUlOPjKwU.2f.delayed]
[ahmadsolaria.framer.media/QRf3T5t6cuzIyvmfncCZQdSQ9I.30.delayed]
[ahmadsolaria.framer.media/F8owk0sZXWggMOcNWSW7peBp8.31.delayed]
[framerusercontent.com/images/e2atv3WUyO3tCe4ORjz0VNzYC9c.png]
[framerusercontent.com/images/Ta42TNj3vaQPhHwHDeBEoEOdhw.png]
[ahmadsolaria.framer.media/thoughts.html]
[ahmadsolaria.framer.media/explorations.html]
[framerusercontent.com/images/APHjIuXLFudiwIRTBuDo7zuQxLU.png]
[framerusercontent.com/images/IXVMij2SZZ4psrR2ITvrWrCt5ko.png]
[framerusercontent.com/images/D0l0N70EpWHl4QiLsnT63JHS4.png]
[framerusercontent.com/images/Mmtapw307dJ6JOJUPj3OqHTHNks.png]
[framerusercontent.com/images/bzQ31z42ymyXw9c3Wy57NC83is.png]
[framerusercontent.com/images/Nf8M0XCrsxnZ3kyKid4zRsNlXqY.png]
[ahmadsolaria.framer.media/archive.html]
[framerusercontent.com/images/Wtp0ZEJzNewQ4Psfz6TRmiw5eg.png]
[framerusercontent.com/images/m7BhprMxGHcraN7h9pH9qFEtw.png]
[ahmadsolaria.framer.media/TnWQszDvQjNPKgZZw9A7s8XWqJY.3c.delayed]
[framerusercontent.com/images/mLoI9VkXlFAcyAznMh8JADVIg.png]
[ahmadsolaria.framer.media/XyP7jZaAiF67794ksnJ7j0V9lE.3e.delayed]
[framerusercontent.com/images/gC5WGZJSZIuGkyiohuVhNjDvXI.png]
[ahmadsolaria.framer.media/Z3hm8DFFWOd7BEVpGmwRayXgg.40.delayed]
[framerusercontent.com/images/NNbxIcnYiQ4ODpVRn477q7sVg.png]
[ahmadsolaria.framer.media/VrybcqXP8jN8XEa9FNnbhYZKU.42.delayed]
[framerusercontent.com/images/toHpRUYSpFUMaCL7JC87LNgAdI.png]
[ahmadsolaria.framer.media/hJwyl1f8Sn4qxNvSpuDiKJwfhxo.44.delayed]
[framerusercontent.com/images/zuM8FY4MACa227RjHyTiTzGhST4.png]
[ahmadsolaria.framer.media/0JFGSmiLfItGxy5DHntqEZp5Q.46.delayed]
[framerusercontent.com/images/HaG3CAibDv4TYbgpdpcZmNjcg2I.png]
[ahmadsolaria.framer.media/s3UT0L4cHMB4OtGte7lW7lfsI.48.delayed]
[framerusercontent.com/images/9GMzHXIE7cIEppnKhbpHFeYc0.png]
[framerusercontent.com/images/7HRvkMLsoN9h6dva5TCZBw4o1M.png]
[framerusercontent.com/images/CNExp2NtKt6FDnLNTsljrbPAFs.png]
[framerusercontent.com/images/ywBB2BqEaPw4ERMP0KRp54lfJ4g.png]
[framerusercontent.com/images/1t4BsWhEYkKV8y4QxHJC52XA.png]
[framerusercontent.com/images/bvlnbUG8WdsFNPS0HpLcLfRSOBc.png]
[framerusercontent.com/images/gstc1nbUEl3WkeDeTcgzwDjFOas.png]
[framerusercontent.com/images/Jf5GV9aL6wulEDLHR8bQ1SWkW8.png]
[framerusercontent.com/images/frbkC97RWVojpdOHguS7XrURa8.png]
[framerusercontent.com/images/pGREptTiiS8dGcvZgpfpx97OPw.png]
[ahmadsolaria.framer.media/about.html]
[ahmadsolaria.framer.media/KgAFPewo6usU5CAb4hqRKqUUiM.html]
[ahmadsolaria.framer.media/rw15btf5Ve8oYRRAHtgUlOPjKwU.html]
[ahmadsolaria.framer.media/QRf3T5t6cuzIyvmfncCZQdSQ9I.html]
[ahmadsolaria.framer.media/F8owk0sZXWggMOcNWSW7peBp8.html]
[ahmadsolaria.framer.media/TnWQszDvQjNPKgZZw9A7s8XWqJY.html]
[ahmadsolaria.framer.media/XyP7jZaAiF67794ksnJ7j0V9lE.html]
[ahmadsolaria.framer.media/Z3hm8DFFWOd7BEVpGmwRayXgg.html]
[ahmadsolaria.framer.media/VrybcqXP8jN8XEa9FNnbhYZKU.html]
[ahmadsolaria.framer.media/hJwyl1f8Sn4qxNvSpuDiKJwfhxo.html]
[ahmadsolaria.framer.media/0JFGSmiLfItGxy5DHntqEZp5Q.html]
[ahmadsolaria.framer.media/s3UT0L4cHMB4OtGte7lW7lfsI.html]
